[debug] [2026-04-19T04:16:57.430Z] ----------------------------------------------------------------------
[debug] [2026-04-19T04:16:57.433Z] Command:       C:\Program Files\nodejs\node.exe C:\Users\chira\AppData\Roaming\npm\node_modules\firebase-tools\lib\bin\firebase.js deploy --only hosting --debug
[debug] [2026-04-19T04:16:57.434Z] CLI Version:   15.15.0
[debug] [2026-04-19T04:16:57.434Z] Platform:      win32
[debug] [2026-04-19T04:16:57.434Z] Node Version:  v24.2.0
[debug] [2026-04-19T04:16:57.434Z] Time:          Sun Apr 19 2026 09:46:57 GMT+0530 (India Standard Time)
[debug] [2026-04-19T04:16:57.434Z] ----------------------------------------------------------------------
[debug] 
[debug] [2026-04-19T04:16:57.436Z] >>> [apiv2][query] GET https://firebase-public.firebaseio.com/cli.json [none]
[debug] [2026-04-19T04:16:59.268Z] > command requires scopes: ["email","openid","https://www.googleapis.com/auth/cloudplatformprojects.readonly","https://www.googleapis.com/auth/firebase","https://www.googleapis.com/auth/cloud-platform"]
[debug] [2026-04-19T04:16:59.270Z] > authorizing via signed-in user (chiranandan54@gmail.com)
[debug] [2026-04-19T04:16:59.270Z] [iam] checking project taekowndo-championship for permissions ["firebase.projects.get","firebasehosting.sites.update"]
[debug] [2026-04-19T04:16:59.272Z] Checked if tokens are valid: true, expires at: 1776575182616
[debug] [2026-04-19T04:16:59.272Z] Checked if tokens are valid: true, expires at: 1776575182616
[debug] [2026-04-19T04:16:59.273Z] >>> [apiv2][query] POST https://cloudresourcemanager.googleapis.com/v1/projects/taekowndo-championship:testIamPermissions [none]
[debug] [2026-04-19T04:16:59.273Z] >>> [apiv2][(partial)header] POST https://cloudresourcemanager.googleapis.com/v1/projects/taekowndo-championship:testIamPermissions  x-goog-user-project=taekowndo-championship
[debug] [2026-04-19T04:16:59.273Z] >>> [apiv2][body] POST https://cloudresourcemanager.googleapis.com/v1/projects/taekowndo-championship:testIamPermissions {"permissions":["firebase.projects.get","firebasehosting.sites.update"]}
[debug] [2026-04-19T04:17:00.752Z] <<< [apiv2][status] POST https://cloudresourcemanager.googleapis.com/v1/projects/taekowndo-championship:testIamPermissions 200
[debug] [2026-04-19T04:17:00.753Z] <<< [apiv2][body] POST https://cloudresourcemanager.googleapis.com/v1/projects/taekowndo-championship:testIamPermissions {"permissions":["firebase.projects.get","firebasehosting.sites.update"]}
[debug] [2026-04-19T04:17:00.753Z] Checked if tokens are valid: true, expires at: 1776575182616
[debug] [2026-04-19T04:17:00.754Z] Checked if tokens are valid: true, expires at: 1776575182616
[debug] [2026-04-19T04:17:00.754Z] >>> [apiv2][query] GET https://firebase.googleapis.com/v1beta1/projects/taekowndo-championship [none]
[debug] [2026-04-19T04:17:01.375Z] <<< [apiv2][status] GET https://firebase.googleapis.com/v1beta1/projects/taekowndo-championship 200
[debug] [2026-04-19T04:17:01.376Z] <<< [apiv2][body] GET https://firebase.googleapis.com/v1beta1/projects/taekowndo-championship {"projectId":"taekowndo-championship","projectNumber":"747830683087","displayName":"taekowndo-championship","name":"projects/taekowndo-championship","resources":{"hostingSite":"taekowndo-championship","realtimeDatabaseInstance":"taekowndo-championship-default-rtdb"},"state":"ACTIVE","etag":"1_270a3266-fbd0-47b4-bf5c-2d7d8293b720"}
[info] 
[info] === Deploying to 'taekowndo-championship'...
[info] 
[info] i  deploying hosting 
[debug] [2026-04-19T04:17:01.382Z] Checked if tokens are valid: true, expires at: 1776575182616
[debug] [2026-04-19T04:17:01.382Z] Checked if tokens are valid: true, expires at: 1776575182616
[debug] [2026-04-19T04:17:01.382Z] >>> [apiv2][query] POST https://firebasehosting.googleapis.com/v1beta1/projects/-/sites/taekowndo-championship/versions [none]
[debug] [2026-04-19T04:17:01.383Z] >>> [apiv2][body] POST https://firebasehosting.googleapis.com/v1beta1/projects/-/sites/taekowndo-championship/versions {"status":"CREATED","labels":{"deployment-tool":"cli-firebase"}}
[debug] [2026-04-19T04:17:02.923Z] <<< [apiv2][status] POST https://firebasehosting.googleapis.com/v1beta1/projects/-/sites/taekowndo-championship/versions 200
[debug] [2026-04-19T04:17:02.924Z] <<< [apiv2][body] POST https://firebasehosting.googleapis.com/v1beta1/projects/-/sites/taekowndo-championship/versions {"name":"projects/747830683087/sites/taekowndo-championship/versions/fe2af8fa235d329f","status":"CREATED","config":{},"labels":{"deployment-tool":"cli-firebase"}}
[debug] [2026-04-19T04:17:21.045Z] *** [apiv2] error from fetch(https://firebase-public.firebaseio.com/cli.json, {"headers":{},"method":"GET"}): FetchError: request to https://firebase-public.firebaseio.com/cli.json failed, reason: 
[warn] !  Unable to fetch the CLI MOTD and remote config. This is not a fatal error, but may indicate an issue with your network connection. 
[debug] [2026-04-19T04:17:21.046Z] Failed to fetch MOTD FirebaseError: Failed to make request to https://firebase-public.firebaseio.com/cli.json
[info] i  hosting[taekowndo-championship]: beginning deploy... 
[info] i  hosting[taekowndo-championship]: found 29 files in public 
[debug] [2026-04-19T04:17:22.411Z] [hosting] uploading with 200 concurrency
[debug] [2026-04-19T04:17:22.415Z] Checked if tokens are valid: true, expires at: 1776575182616
[debug] [2026-04-19T04:17:22.415Z] Checked if tokens are valid: true, expires at: 1776575182616
[debug] [2026-04-19T04:17:22.422Z] [hosting] hash cache [cHVibGlj] stored for 29 files
[debug] [2026-04-19T04:17:22.423Z] [hosting][hash queue][FINAL] {"max":1,"min":0,"avg":0,"active":0,"complete":29,"success":29,"errored":0,"retried":0,"total":29,"elapsed":10}
[debug] [2026-04-19T04:17:22.423Z] >>> [apiv2][query] POST https://firebasehosting.googleapis.com/v1beta1/projects/747830683087/sites/taekowndo-championship/versions/fe2af8fa235d329f:populateFiles [none]
[debug] [2026-04-19T04:17:22.424Z] >>> [apiv2][body] POST https://firebasehosting.googleapis.com/v1beta1/projects/747830683087/sites/taekowndo-championship/versions/fe2af8fa235d329f:populateFiles {"files":{"/register.html":"a1c442900c747aa9fd8f3f5838a0c90f9cb9a1e7b7ea8d116acc7c8c1a0dd0fd","/index.html":"9b35ccb5b6e090dd36a15185616d3328ca3b7090064218c54caf0e0ba31ed0b5","/team/dashboard.html":"4c1c69410e09a422d2d6b9ba6550e38d672a86c88810f8728aea97ba90333b47","/js/ui.js":"eb10a53b2b9bc9a63f5ae9650cc77fc13b61d50d7ec5876b83fce36144e3116c","/js/Team-deadline-manager.js":"8fd3ae97750eae7dca74cc965008d44955733645b15f4359142c09d872e3585b","/js/service-worker.js":"4f418e7e8dbd14ea3524597726ab31bbc14b54d39221e1b032f5ddd5ac780579","/js/registration.js":"a913f5b389aaa3284f6c5c4c089d3600264ffdd09da73c14cdd51abe3c281276","/js/player-manager.js":"f4bfe5f106ab14465501102413a74cc5275b13851d31b44ca6a9f2907f7bb050","/js/performance-cache.js":"ea68d8acbbd2ba3b2838cf7f88a58bbfd223d6798d59a9c78e42279c14e1b8fa","/js/modal.js":"0ef11ade0d58339b9ac1885a9371f3ca1cac01418e9baa47ab83dfa35812b4f3","/js/form-config.js":"f56a9e50c621a697fe276dda3b5d63ef7fc023ca2dfb6ea1a2a2fe2c626c2137","/js/firebase.js":"e0546e4a2f645c3bf1cee8ec91651d0bfb822f0b4bd79242bebe2db8da1a1cf8","/js/custom-select.js":"86b535ecdf7250f9825c7d705f2e2926f085b99c6fb0e72d19185cbf7a5196fe","/js/championship-manager.js":"9ebbcab259649ad6640b954a90deb1cd47dfb1266125822f2f44fa184b54a9f8","/js/category-logic.js":"b0672a91ac5f67b8fa9820e8aa343f6677025f978dfc9cca697f665908360879","/js/bracket.js":"cda831268f2060d0d730e620cad7a92769f66347a85e8012211d26536a79c7a8","/js/auth.js":"cdc03d8890e7fe4ec9210d56f135662acf23a41c4c0655dced29769a8af2548f","/js/admin-form-editor.js":"8466127987e32c6bee7b084294d4548c6ebdeec91a2f33d5754acd4911625e36","/js/admin-category-editor.js":"bc202e027f263fbfc38de681ff19bb8ce6df919cb15defc799c697fe2c2b2121","/assets/images/image.png":"564ec5a854bc84686d8efd080cd9df6b8403ef8053a66722de6db78f79ce3fe3","/assets/images/favicon.jpeg":"6dc036e8cfacd3f5d334a9c5feab4a9e7efa55be2ddae5c5ef16f018fecaa0fe","/assets/css/main.css":"88d3fb5a43c11641ff51118c5dd686acd81b3b0205f60c2607a7a4cd20680af0","/admin/weight-categories.html":"a2b5b30324f515e76ffac459df49ad29d2d62851f460d3f02a32167c38bb02de","/admin/standings.html":"25bc3f966d129adc612bbe64216b3d19955ca0a67f5edcf8dabf8b82e6ff2579","/admin/Live-matches.html":"264c82b628d15643dd083bce11bb9f7e66e13109d05e98bac9aa9d216847ab00","/admin/form-preview.html":"81738b69d0bcdb5200ed161f80b6cbfa9261c7ec070dc9feedaea9f5a13e66c0","/admin/dashboard.html":"acf0704ffc1cb1e40e76786e9f64be19d98c552641ccd70ebd815400ad4f43bd","/admin/championships.html":"ba75c136faf02786a5d0ec2c5b37af3c0160e044084a8b38a314d4c5d597628e","/admin/bracket.html":"f35646b0366d7518f8e86307dd71adffb7ee91adb50deb31b7eb9b125a6fba8a"}}
[debug] [2026-04-19T04:17:23.983Z] <<< [apiv2][status] POST https://firebasehosting.googleapis.com/v1beta1/projects/747830683087/sites/taekowndo-championship/versions/fe2af8fa235d329f:populateFiles 200
[debug] [2026-04-19T04:17:23.984Z] <<< [apiv2][body] POST https://firebasehosting.googleapis.com/v1beta1/projects/747830683087/sites/taekowndo-championship/versions/fe2af8fa235d329f:populateFiles {"uploadUrl":"https://upload-firebasehosting.googleapis.com/upload/sites/taekowndo-championship/versions/fe2af8fa235d329f/files"}
[debug] [2026-04-19T04:17:23.984Z] [hosting][populate queue][FINAL] {"max":1570,"min":1570,"avg":1570,"active":0,"complete":1,"success":1,"errored":0,"retried":0,"total":1,"elapsed":1570}
[debug] [2026-04-19T04:17:23.985Z] [hosting] uploads queued: 0
[debug] [2026-04-19T04:17:23.985Z] [hosting][upload queue][FINAL] {"max":0,"min":9999999999,"avg":0,"active":0,"complete":0,"success":0,"errored":0,"retried":0,"total":0,"elapsed":1776572243985}
[info] i  hosting: upload complete 
[info] +  hosting[taekowndo-championship]: file upload complete 
[debug] [2026-04-19T04:17:23.986Z] [hosting] deploy completed after 1591ms
[debug] [2026-04-19T04:17:23.986Z] [
  {
    "config": {
      "public": "public",
      "ignore": [
        "firebase.json",
        "firebase-rules.json",
        ".firebaserc",
        "README.md",
        "**/.*",
        "**/node_modules/**"
      ],
      "headers": [
        {
          "source": "**/*.html",
          "headers": [
            {
              "key": "Cache-Control",
              "value": "no-cache, no-store, must-revalidate"
            },
            {
              "key": "X-Content-Type-Options",
              "value": "nosniff"
            }
          ]
        },
        {
          "source": "**/*.js",
          "headers": [
            {
              "key": "Content-Type",
              "value": "application/javascript"
            },
            {
              "key": "Cache-Control",
              "value": "public, max-age=86400, stale-while-revalidate=604800"
            }
          ]
        },
        {
          "source": "**/*.css",
          "headers": [
            {
              "key": "Content-Type",
              "value": "text/css"
            },
            {
              "key": "Cache-Control",
              "value": "public, max-age=86400, stale-while-revalidate=604800"
            }
          ]
        },
        {
          "source": "assets/images/**",
          "headers": [
            {
              "key": "Cache-Control",
              "value": "public, max-age=2592000"
            }
          ]
        }
      ],
      "site": "taekowndo-championship"
    },
    "version": "projects/747830683087/sites/taekowndo-championship/versions/fe2af8fa235d329f"
  }
]
[info] i  hosting[taekowndo-championship]: finalizing version... 
[debug] [2026-04-19T04:17:23.987Z] Checked if tokens are valid: true, expires at: 1776575182616
[debug] [2026-04-19T04:17:23.988Z] Checked if tokens are valid: true, expires at: 1776575182616
[debug] [2026-04-19T04:17:23.988Z] >>> [apiv2][query] PATCH https://firebasehosting.googleapis.com/v1beta1/projects/-/sites/taekowndo-championship/versions/fe2af8fa235d329f updateMask=status%2Cconfig
[debug] [2026-04-19T04:17:23.988Z] >>> [apiv2][body] PATCH https://firebasehosting.googleapis.com/v1beta1/projects/-/sites/taekowndo-championship/versions/fe2af8fa235d329f {"status":"FINALIZED","config":{"headers":[{"glob":"**/*.html","headers":{"Cache-Control":"no-cache, no-store, must-revalidate","X-Content-Type-Options":"nosniff"}},{"glob":"**/*.js","headers":{"Content-Type":"application/javascript","Cache-Control":"public, max-age=86400, stale-while-revalidate=604800"}},{"glob":"**/*.css","headers":{"Content-Type":"text/css","Cache-Control":"public, max-age=86400, stale-while-revalidate=604800"}},{"glob":"assets/images/**","headers":{"Cache-Control":"public, max-age=2592000"}}]}}
[debug] [2026-04-19T04:17:24.732Z] <<< [apiv2][status] PATCH https://firebasehosting.googleapis.com/v1beta1/projects/-/sites/taekowndo-championship/versions/fe2af8fa235d329f 200
[debug] [2026-04-19T04:17:24.732Z] <<< [apiv2][body] PATCH https://firebasehosting.googleapis.com/v1beta1/projects/-/sites/taekowndo-championship/versions/fe2af8fa235d329f {"name":"projects/747830683087/sites/taekowndo-championship/versions/fe2af8fa235d329f","status":"FINALIZED","config":{"headers":[{"headers":{"Cache-Control":"no-cache, no-store, must-revalidate","X-Content-Type-Options":"nosniff"},"glob":"**/*.html"},{"headers":{"Content-Type":"application/javascript","Cache-Control":"public, max-age=86400, stale-while-revalidate=604800"},"glob":"**/*.js"},{"headers":{"Cache-Control":"public, max-age=86400, stale-while-revalidate=604800","Content-Type":"text/css"},"glob":"**/*.css"},{"headers":{"Cache-Control":"public, max-age=2592000"},"glob":"assets/images/**"}]},"labels":{"deployment-tool":"cli-firebase"},"createTime":"2026-04-19T04:17:02.250757Z","createUser":{"email":"chiranandan54@gmail.com"},"finalizeTime":"2026-04-19T04:17:24.500253Z","finalizeUser":{"email":"chiranandan54@gmail.com"}}
[debug] [2026-04-19T04:17:24.732Z] [hosting] finalized version for taekowndo-championship:[object Object]
[info] +  hosting[taekowndo-championship]: version finalized 
[info] i  hosting[taekowndo-championship]: releasing new version... 
[debug] [2026-04-19T04:17:24.733Z] Checked if tokens are valid: true, expires at: 1776575182616
[debug] [2026-04-19T04:17:24.733Z] Checked if tokens are valid: true, expires at: 1776575182616
[debug] [2026-04-19T04:17:24.733Z] >>> [apiv2][query] POST https://firebasehosting.googleapis.com/v1beta1/projects/-/sites/taekowndo-championship/channels/live/releases versionName=projects%2F747830683087%2Fsites%2Ftaekowndo-championship%2Fversions%2Ffe2af8fa235d329f
[debug] [2026-04-19T04:17:24.733Z] >>> [apiv2][body] POST https://firebasehosting.googleapis.com/v1beta1/projects/-/sites/taekowndo-championship/channels/live/releases {}
[debug] [2026-04-19T04:17:25.752Z] <<< [apiv2][status] POST https://firebasehosting.googleapis.com/v1beta1/projects/-/sites/taekowndo-championship/channels/live/releases 200
[debug] [2026-04-19T04:17:25.753Z] <<< [apiv2][body] POST https://firebasehosting.googleapis.com/v1beta1/projects/-/sites/taekowndo-championship/channels/live/releases {"name":"projects/747830683087/sites/taekowndo-championship/channels/live/releases/1776572244885000","version":{"name":"projects/747830683087/sites/taekowndo-championship/versions/fe2af8fa235d329f","status":"FINALIZED","config":{"headers":[{"headers":{"Cache-Control":"no-cache, no-store, must-revalidate","X-Content-Type-Options":"nosniff"},"glob":"**/*.html"},{"headers":{"Content-Type":"application/javascript","Cache-Control":"public, max-age=86400, stale-while-revalidate=604800"},"glob":"**/*.js"},{"headers":{"Content-Type":"text/css","Cache-Control":"public, max-age=86400, stale-while-revalidate=604800"},"glob":"**/*.css"},{"headers":{"Cache-Control":"public, max-age=2592000"},"glob":"assets/images/**"}]},"labels":{"deployment-tool":"cli-firebase"},"createTime":"2026-04-19T04:17:02.250757Z","createUser":{"email":"chiranandan54@gmail.com","imageUrl":"https://lh3.googleusercontent.com/a/ACg8ocJ3NnqcM33QjOEZkmcgMs3fSQ0F5E4gPZ54It9yv_RxnpnWHYFz"},"finalizeTime":"2026-04-19T04:17:24.500253Z","finalizeUser":{"email":"chiranandan54@gmail.com","imageUrl":"https://lh3.googleusercontent.com/a/ACg8ocJ3NnqcM33QjOEZkmcgMs3fSQ0F5E4gPZ54It9yv_RxnpnWHYFz"}},"type":"DEPLOY","releaseTime":"2026-04-19T04:17:24.885Z","releaseUser":{"email":"chiranandan54@gmail.com","imageUrl":"https://lh3.googleusercontent.com/a/ACg8ocJ3NnqcM33QjOEZkmcgMs3fSQ0F5E4gPZ54It9yv_RxnpnWHYFz"}}
[debug] [2026-04-19T04:17:25.753Z] [hosting] release: {"name":"projects/747830683087/sites/taekowndo-championship/channels/live/releases/1776572244885000","version":{"name":"projects/747830683087/sites/taekowndo-championship/versions/fe2af8fa235d329f","status":"FINALIZED","config":{"headers":[{"headers":{"Cache-Control":"no-cache, no-store, must-revalidate","X-Content-Type-Options":"nosniff"},"glob":"**/*.html"},{"headers":{"Content-Type":"application/javascript","Cache-Control":"public, max-age=86400, stale-while-revalidate=604800"},"glob":"**/*.js"},{"headers":{"Content-Type":"text/css","Cache-Control":"public, max-age=86400, stale-while-revalidate=604800"},"glob":"**/*.css"},{"headers":{"Cache-Control":"public, max-age=2592000"},"glob":"assets/images/**"}]},"labels":{"deployment-tool":"cli-firebase"},"createTime":"2026-04-19T04:17:02.250757Z","createUser":{"email":"chiranandan54@gmail.com","imageUrl":"https://lh3.googleusercontent.com/a/ACg8ocJ3NnqcM33QjOEZkmcgMs3fSQ0F5E4gPZ54It9yv_RxnpnWHYFz"},"finalizeTime":"2026-04-19T04:17:24.500253Z","finalizeUser":{"email":"chiranandan54@gmail.com","imageUrl":"https://lh3.googleusercontent.com/a/ACg8ocJ3NnqcM33QjOEZkmcgMs3fSQ0F5E4gPZ54It9yv_RxnpnWHYFz"}},"type":"DEPLOY","releaseTime":"2026-04-19T04:17:24.885Z","releaseUser":{"email":"chiranandan54@gmail.com","imageUrl":"https://lh3.googleusercontent.com/a/ACg8ocJ3NnqcM33QjOEZkmcgMs3fSQ0F5E4gPZ54It9yv_RxnpnWHYFz"}}
[info] +  hosting[taekowndo-championship]: release complete 
[info] 
[info] +  Deploy complete! 
[info] 
[info] Project Console: https://console.firebase.google.com/project/taekowndo-championship/overview
[info] Hosting URL: https://taekowndo-championship.web.app
[debug] [2026-04-19T04:17:35.774Z] Error: Timed out.
    at Timeout._onTimeout (C:\Users\chira\AppData\Roaming\npm\node_modules\firebase-tools\lib\utils.js:309:49)
    at listOnTimeout (node:internal/timers:608:17)
    at process.processTimers (node:internal/timers:543:7)
[error] 
[error] Error: An unexpected error has occurred.
